Windows PowerShell
Copyright (C) Microsoft Corporation. All rights reserved.

Install the latest PowerShell for new features and improvements! https://aka.ms/PSWindows

PS C:\Users\Jeffr\Downloads\NetDocuMap\NetDocuMap> npm install
npm warn deprecated @esbuild-kit/esm-loader@2.6.5: Merged into tsx: https://tsx.is
npm warn deprecated @esbuild-kit/core-utils@3.3.2: Merged into tsx: https://tsx.is

added 474 packages, and audited 475 packages in 1m

63 packages are looking for funding
  run `npm fund` for details

9 vulnerabilities (3 low, 5 moderate, 1 high)

To address issues that do not require attention, run:
  npm audit fix

To address all issues (including breaking changes), run:
  npm audit fix --force

Run `npm audit` for details.
npm notice
npm notice New patch version of npm available! 11.6.2 -> 11.6.3
npm notice Changelog: https://github.com/npm/cli/releases/tag/v11.6.3
npm notice To update run: npm install -g npm@11.6.3
npm notice
PS C:\Users\Jeffr\Downloads\NetDocuMap\NetDocuMap> npm audit fix

changed 6 packages, and audited 475 packages in 31s

63 packages are looking for funding
  run `npm fund` for details

# npm audit report

esbuild  <=0.24.2
Severity: moderate
esbuild enables any website to send any requests to the development server and read the response - https://github.com/advisories/GHSA-67mh-4wv8-2f99
fix available via `npm audit fix --force`
Will install vite@7.2.4, which is a breaking change
node_modules/@esbuild-kit/core-utils/node_modules/esbuild
node_modules/vite/node_modules/esbuild
  @esbuild-kit/core-utils  *
  Depends on vulnerable versions of esbuild
  node_modules/@esbuild-kit/core-utils
    @esbuild-kit/esm-loader  *
    Depends on vulnerable versions of @esbuild-kit/core-utils
    node_modules/@esbuild-kit/esm-loader
      drizzle-kit  0.17.5-6b7793f - 0.17.5-e5944eb || 0.18.1-065de38 - 0.18.1-f3800bf || >=0.19.0-07024c4
      Depends on vulnerable versions of @esbuild-kit/esm-loader
      node_modules/drizzle-kit
  vite  0.11.0 - 6.1.6
  Depends on vulnerable versions of esbuild
  node_modules/vite

5 moderate severity vulnerabilities

To address all issues (including breaking changes), run:
  npm audit fix --force
PS C:\Users\Jeffr\Downloads\NetDocuMap\NetDocuMap> npm audit fix --force
npm warn using --force Recommended protections disabled.
npm warn audit Updating vite to 7.2.4, which is a SemVer major change.
npm warn audit Updating drizzle-kit to 0.18.1, which is a SemVer major change.
npm warn ERESOLVE overriding peer dependency
npm warn While resolving: rest-express@1.0.0
npm warn Found: vite@5.4.21
npm warn node_modules/vite
npm warn   peer vite@"^5.2.0 || ^6" from @tailwindcss/vite@4.1.3
npm warn   node_modules/@tailwindcss/vite
npm warn     dev @tailwindcss/vite@"^4.1.3" from the root project
npm warn   2 more (@vitejs/plugin-react, the root project)
npm warn
npm warn Could not resolve dependency:
npm warn peer vite@"^5.2.0 || ^6" from @tailwindcss/vite@4.1.3
npm warn node_modules/@tailwindcss/vite
npm warn   dev @tailwindcss/vite@"^4.1.3" from the root project
npm warn ERESOLVE overriding peer dependency
npm warn While resolving: vite@7.2.4
npm warn Found: @types/node@20.16.11
npm warn node_modules/@types/node
npm warn   @types/node@"*" from @types/body-parser@1.19.5
npm warn   node_modules/@types/body-parser
npm warn     @types/body-parser@"*" from @types/express@4.17.21
npm warn     node_modules/@types/express
npm warn   7 more (@types/connect, @types/express-serve-static-core, ...)
npm warn
npm warn Could not resolve dependency:
npm warn peerOptional @types/node@"^20.19.0 || >=22.12.0" from vite@7.2.4
npm warn node_modules/vite
npm warn   dev vite@"7.2.4" from the root project
npm warn   1 more (@vitejs/plugin-react)
npm warn
npm warn Conflicting peer dependency: @types/node@24.10.1
npm warn node_modules/@types/node
npm warn   peerOptional @types/node@"^20.19.0 || >=22.12.0" from vite@7.2.4
npm warn   node_modules/vite
npm warn     dev vite@"7.2.4" from the root project
npm warn     1 more (@vitejs/plugin-react)
npm warn deprecated inflight@1.0.6: This module is not supported, and leaks memory. Do not use it. Check out lru-cache if you want a good and tested way to coalesce async requests by a key value, which is much more comprehensive and powerful.
npm warn deprecated glob@8.1.0: Glob versions prior to v9 are no longer supported

added 41 packages, removed 10 packages, changed 7 packages, and audited 506 packages in 21s

69 packages are looking for funding
  run `npm fund` for details

# npm audit report

esbuild  <=0.24.2
Severity: moderate
esbuild enables any website to send any requests to the development server and read the response - https://github.com/advisories/GHSA-67mh-4wv8-2f99
fix available via `npm audit fix --force`
Will install drizzle-kit@0.31.7, which is a breaking change
node_modules/drizzle-kit/node_modules/esbuild
  drizzle-kit  0.9.1 - 0.9.54 || 0.12.9 - 0.18.1 || 0.19.2-9340465 - 0.30.6 || 1.0.0-beta.1 - 1.0.0-beta.1-fd5d1e8
  Depends on vulnerable versions of esbuild
  node_modules/drizzle-kit

2 moderate severity vulnerabilities

To address all issues (including breaking changes), run:
  npm audit fix --force
PS C:\Users\Jeffr\Downloads\NetDocuMap\NetDocuMap> npm audit fix --force
npm warn using --force Recommended protections disabled.
npm warn audit Updating drizzle-kit to 0.31.7, which is a SemVer major change.
npm warn ERESOLVE overriding peer dependency
npm warn While resolving: @tailwindcss/vite@4.1.3
npm warn Found: vite@7.2.4
npm warn node_modules/vite
npm warn   peer vite@"^4.2.0 || ^5.0.0 || ^6.0.0 || ^7.0.0" from @vitejs/plugin-react@4.7.0
npm warn   node_modules/@vitejs/plugin-react
npm warn     dev @vitejs/plugin-react@"^4.7.0" from the root project
npm warn   1 more (the root project)
npm warn
npm warn Could not resolve dependency:
npm warn peer vite@"^5.2.0 || ^6" from @tailwindcss/vite@4.1.3
npm warn node_modules/@tailwindcss/vite
npm warn   dev @tailwindcss/vite@"^4.1.3" from the root project
npm warn
npm warn Conflicting peer dependency: vite@6.4.1
npm warn node_modules/vite
npm warn   peer vite@"^5.2.0 || ^6" from @tailwindcss/vite@4.1.3
npm warn   node_modules/@tailwindcss/vite
npm warn     dev @tailwindcss/vite@"^4.1.3" from the root project
npm warn ERESOLVE overriding peer dependency
npm warn While resolving: vite@7.2.4
npm warn Found: @types/node@20.16.11
npm warn node_modules/@types/node
npm warn   @types/node@"*" from @types/body-parser@1.19.5
npm warn   node_modules/@types/body-parser
npm warn     @types/body-parser@"*" from @types/express@4.17.21
npm warn     node_modules/@types/express
npm warn   7 more (@types/connect, @types/express-serve-static-core, ...)
npm warn
npm warn Could not resolve dependency:
npm warn peerOptional @types/node@"^20.19.0 || >=22.12.0" from vite@7.2.4
npm warn node_modules/vite
npm warn   peer vite@"^4.2.0 || ^5.0.0 || ^6.0.0 || ^7.0.0" from @vitejs/plugin-react@4.7.0
npm warn   node_modules/@vitejs/plugin-react
npm warn   1 more (the root project)
npm warn
npm warn Conflicting peer dependency: @types/node@24.10.1
npm warn node_modules/@types/node
npm warn   peerOptional @types/node@"^20.19.0 || >=22.12.0" from vite@7.2.4
npm warn   node_modules/vite
npm warn     peer vite@"^4.2.0 || ^5.0.0 || ^6.0.0 || ^7.0.0" from @vitejs/plugin-react@4.7.0
npm warn     node_modules/@vitejs/plugin-react
npm warn     1 more (the root project)
npm warn deprecated @esbuild-kit/esm-loader@2.6.5: Merged into tsx: https://tsx.is
npm warn deprecated @esbuild-kit/core-utils@3.3.2: Merged into tsx: https://tsx.is

added 8 packages, removed 35 packages, changed 1 package, and audited 479 packages in 11s

65 packages are looking for funding
  run `npm fund` for details

# npm audit report

esbuild  <=0.24.2
Severity: moderate
esbuild enables any website to send any requests to the development server and read the response - https://github.com/advisories/GHSA-67mh-4wv8-2f99
fix available via `npm audit fix --force`
Will install drizzle-kit@0.18.1, which is a breaking change
node_modules/@esbuild-kit/core-utils/node_modules/esbuild
  @esbuild-kit/core-utils  *
  Depends on vulnerable versions of esbuild
  node_modules/@esbuild-kit/core-utils
    @esbuild-kit/esm-loader  *
    Depends on vulnerable versions of @esbuild-kit/core-utils
    node_modules/@esbuild-kit/esm-loader
      drizzle-kit  0.17.5-6b7793f - 0.17.5-e5944eb || 0.18.1-065de38 - 0.18.1-f3800bf || >=0.19.0-07024c4
      Depends on vulnerable versions of @esbuild-kit/esm-loader
      node_modules/drizzle-kit

4 moderate severity vulnerabilities

To address all issues (including breaking changes), run:
  npm audit fix --force
PS C:\Users\Jeffr\Downloads\NetDocuMap\NetDocuMap> npm audit fix --force
npm warn using --force Recommended protections disabled.
npm warn audit Updating drizzle-kit to 0.18.1, which is a SemVer major change.
npm warn ERESOLVE overriding peer dependency
npm warn While resolving: @tailwindcss/vite@4.1.3
npm warn Found: vite@7.2.4
npm warn node_modules/vite
npm warn   peer vite@"^4.2.0 || ^5.0.0 || ^6.0.0 || ^7.0.0" from @vitejs/plugin-react@4.7.0
npm warn   node_modules/@vitejs/plugin-react
npm warn     dev @vitejs/plugin-react@"^4.7.0" from the root project
npm warn   1 more (the root project)
npm warn
npm warn Could not resolve dependency:
npm warn peer vite@"^5.2.0 || ^6" from @tailwindcss/vite@4.1.3
npm warn node_modules/@tailwindcss/vite
npm warn   dev @tailwindcss/vite@"^4.1.3" from the root project
npm warn
npm warn Conflicting peer dependency: vite@6.4.1
npm warn node_modules/vite
npm warn   peer vite@"^5.2.0 || ^6" from @tailwindcss/vite@4.1.3
npm warn   node_modules/@tailwindcss/vite
npm warn     dev @tailwindcss/vite@"^4.1.3" from the root project
npm warn ERESOLVE overriding peer dependency
npm warn While resolving: vite@7.2.4
npm warn Found: @types/node@20.16.11
npm warn node_modules/@types/node
npm warn   @types/node@"*" from @types/body-parser@1.19.5
npm warn   node_modules/@types/body-parser
npm warn     @types/body-parser@"*" from @types/express@4.17.21
npm warn     node_modules/@types/express
npm warn   7 more (@types/connect, @types/express-serve-static-core, ...)
npm warn
npm warn Could not resolve dependency:
npm warn peerOptional @types/node@"^20.19.0 || >=22.12.0" from vite@7.2.4
npm warn node_modules/vite
npm warn   peer vite@"^4.2.0 || ^5.0.0 || ^6.0.0 || ^7.0.0" from @vitejs/plugin-react@4.7.0
npm warn   node_modules/@vitejs/plugin-react
npm warn   1 more (the root project)
npm warn
npm warn Conflicting peer dependency: @types/node@24.10.1
npm warn node_modules/@types/node
npm warn   peerOptional @types/node@"^20.19.0 || >=22.12.0" from vite@7.2.4
npm warn   node_modules/vite
npm warn     peer vite@"^4.2.0 || ^5.0.0 || ^6.0.0 || ^7.0.0" from @vitejs/plugin-react@4.7.0
npm warn     node_modules/@vitejs/plugin-react
npm warn     1 more (the root project)
npm warn deprecated inflight@1.0.6: This module is not supported, and leaks memory. Do not use it. Check out lru-cache if you want a good and tested way to coalesce async requests by a key value, which is much more comprehensive and powerful.
npm warn deprecated glob@8.1.0: Glob versions prior to v9 are no longer supported

added 35 packages, removed 8 packages, changed 1 package, and audited 506 packages in 7s

69 packages are looking for funding
  run `npm fund` for details

# npm audit report

esbuild  <=0.24.2
Severity: moderate
esbuild enables any website to send any requests to the development server and read the response - https://github.com/advisories/GHSA-67mh-4wv8-2f99
fix available via `npm audit fix --force`
Will install drizzle-kit@0.31.7, which is a breaking change
node_modules/drizzle-kit/node_modules/esbuild
  drizzle-kit  0.9.1 - 0.9.54 || 0.12.9 - 0.18.1 || 0.19.2-9340465 - 0.30.6 || 1.0.0-beta.1 - 1.0.0-beta.1-fd5d1e8
  Depends on vulnerable versions of esbuild
  node_modules/drizzle-kit

2 moderate severity vulnerabilities

To address all issues (including breaking changes), run:
  npm audit fix --force
PS C:\Users\Jeffr\Downloads\NetDocuMap\NetDocuMap> npm audit fix --force
npm warn using --force Recommended protections disabled.
npm warn audit Updating drizzle-kit to 0.31.7, which is a SemVer major change.
npm warn ERESOLVE overriding peer dependency
npm warn While resolving: @tailwindcss/vite@4.1.3
npm warn Found: vite@7.2.4
npm warn node_modules/vite
npm warn   peer vite@"^4.2.0 || ^5.0.0 || ^6.0.0 || ^7.0.0" from @vitejs/plugin-react@4.7.0
npm warn   node_modules/@vitejs/plugin-react
npm warn     dev @vitejs/plugin-react@"^4.7.0" from the root project
npm warn   1 more (the root project)
npm warn
npm warn Could not resolve dependency:
npm warn peer vite@"^5.2.0 || ^6" from @tailwindcss/vite@4.1.3
npm warn node_modules/@tailwindcss/vite
npm warn   dev @tailwindcss/vite@"^4.1.3" from the root project
npm warn
npm warn Conflicting peer dependency: vite@6.4.1
npm warn node_modules/vite
npm warn   peer vite@"^5.2.0 || ^6" from @tailwindcss/vite@4.1.3
npm warn   node_modules/@tailwindcss/vite
npm warn     dev @tailwindcss/vite@"^4.1.3" from the root project
npm warn ERESOLVE overriding peer dependency
npm warn While resolving: vite@7.2.4
npm warn Found: @types/node@20.16.11
npm warn node_modules/@types/node
npm warn   @types/node@"*" from @types/body-parser@1.19.5
npm warn   node_modules/@types/body-parser
npm warn     @types/body-parser@"*" from @types/express@4.17.21
npm warn     node_modules/@types/express
npm warn   7 more (@types/connect, @types/express-serve-static-core, ...)
npm warn
npm warn Could not resolve dependency:
npm warn peerOptional @types/node@"^20.19.0 || >=22.12.0" from vite@7.2.4
npm warn node_modules/vite
npm warn   peer vite@"^4.2.0 || ^5.0.0 || ^6.0.0 || ^7.0.0" from @vitejs/plugin-react@4.7.0
npm warn   node_modules/@vitejs/plugin-react
npm warn   1 more (the root project)
npm warn
npm warn Conflicting peer dependency: @types/node@24.10.1
npm warn node_modules/@types/node
npm warn   peerOptional @types/node@"^20.19.0 || >=22.12.0" from vite@7.2.4
npm warn   node_modules/vite
npm warn     peer vite@"^4.2.0 || ^5.0.0 || ^6.0.0 || ^7.0.0" from @vitejs/plugin-react@4.7.0
npm warn     node_modules/@vitejs/plugin-react
npm warn     1 more (the root project)
npm warn deprecated @esbuild-kit/esm-loader@2.6.5: Merged into tsx: https://tsx.is
npm warn deprecated @esbuild-kit/core-utils@3.3.2: Merged into tsx: https://tsx.is

added 8 packages, removed 35 packages, changed 1 package, and audited 479 packages in 8s

65 packages are looking for funding
  run `npm fund` for details

# npm audit report

esbuild  <=0.24.2
Severity: moderate
esbuild enables any website to send any requests to the development server and read the response - https://github.com/advisories/GHSA-67mh-4wv8-2f99
fix available via `npm audit fix --force`
Will install drizzle-kit@0.18.1, which is a breaking change
node_modules/@esbuild-kit/core-utils/node_modules/esbuild
  @esbuild-kit/core-utils  *
  Depends on vulnerable versions of esbuild
  node_modules/@esbuild-kit/core-utils
    @esbuild-kit/esm-loader  *
    Depends on vulnerable versions of @esbuild-kit/core-utils
    node_modules/@esbuild-kit/esm-loader
      drizzle-kit  0.17.5-6b7793f - 0.17.5-e5944eb || 0.18.1-065de38 - 0.18.1-f3800bf || >=0.19.0-07024c4
      Depends on vulnerable versions of @esbuild-kit/esm-loader
      node_modules/drizzle-kit

4 moderate severity vulnerabilities

To address all issues (including breaking changes), run:
  npm audit fix --force
PS C:\Users\Jeffr\Downloads\NetDocuMap\NetDocuMap> npm audit fix --force
npm warn using --force Recommended protections disabled.
npm warn audit Updating drizzle-kit to 0.18.1, which is a SemVer major change.
npm warn ERESOLVE overriding peer dependency
npm warn While resolving: @tailwindcss/vite@4.1.3
npm warn Found: vite@7.2.4
npm warn node_modules/vite
npm warn   peer vite@"^4.2.0 || ^5.0.0 || ^6.0.0 || ^7.0.0" from @vitejs/plugin-react@4.7.0
npm warn   node_modules/@vitejs/plugin-react
npm warn     dev @vitejs/plugin-react@"^4.7.0" from the root project
npm warn   1 more (the root project)
npm warn
npm warn Could not resolve dependency:
npm warn peer vite@"^5.2.0 || ^6" from @tailwindcss/vite@4.1.3
npm warn node_modules/@tailwindcss/vite
npm warn   dev @tailwindcss/vite@"^4.1.3" from the root project
npm warn
npm warn Conflicting peer dependency: vite@6.4.1
npm warn node_modules/vite
npm warn   peer vite@"^5.2.0 || ^6" from @tailwindcss/vite@4.1.3
npm warn   node_modules/@tailwindcss/vite
npm warn     dev @tailwindcss/vite@"^4.1.3" from the root project
npm warn ERESOLVE overriding peer dependency
npm warn While resolving: vite@7.2.4
npm warn Found: @types/node@20.16.11
npm warn node_modules/@types/node
npm warn   @types/node@"*" from @types/body-parser@1.19.5
npm warn   node_modules/@types/body-parser
npm warn     @types/body-parser@"*" from @types/express@4.17.21
npm warn     node_modules/@types/express
npm warn   7 more (@types/connect, @types/express-serve-static-core, ...)
npm warn
npm warn Could not resolve dependency:
npm warn peerOptional @types/node@"^20.19.0 || >=22.12.0" from vite@7.2.4
npm warn node_modules/vite
npm warn   peer vite@"^4.2.0 || ^5.0.0 || ^6.0.0 || ^7.0.0" from @vitejs/plugin-react@4.7.0
npm warn   node_modules/@vitejs/plugin-react
npm warn   1 more (the root project)
npm warn
npm warn Conflicting peer dependency: @types/node@24.10.1
npm warn node_modules/@types/node
npm warn   peerOptional @types/node@"^20.19.0 || >=22.12.0" from vite@7.2.4
npm warn   node_modules/vite
npm warn     peer vite@"^4.2.0 || ^5.0.0 || ^6.0.0 || ^7.0.0" from @vitejs/plugin-react@4.7.0
npm warn     node_modules/@vitejs/plugin-react
npm warn     1 more (the root project)
npm warn deprecated inflight@1.0.6: This module is not supported, and leaks memory. Do not use it. Check out lru-cache if you want a good and tested way to coalesce async requests by a key value, which is much more comprehensive and powerful.
npm warn deprecated glob@8.1.0: Glob versions prior to v9 are no longer supported

added 35 packages, removed 8 packages, changed 1 package, and audited 506 packages in 7s

69 packages are looking for funding
  run `npm fund` for details

# npm audit report

esbuild  <=0.24.2
Severity: moderate
esbuild enables any website to send any requests to the development server and read the response - https://github.com/advisories/GHSA-67mh-4wv8-2f99
fix available via `npm audit fix --force`
Will install drizzle-kit@0.31.7, which is a breaking change
node_modules/drizzle-kit/node_modules/esbuild
  drizzle-kit  0.9.1 - 0.9.54 || 0.12.9 - 0.18.1 || 0.19.2-9340465 - 0.30.6 || 1.0.0-beta.1 - 1.0.0-beta.1-fd5d1e8
  Depends on vulnerable versions of esbuild
  node_modules/drizzle-kit

2 moderate severity vulnerabilities

To address all issues (including breaking changes), run:
  npm audit fix --force
PS C:\Users\Jeffr\Downloads\NetDocuMap\NetDocuMap>  npm install -g npm@11.6.3

removed 9 packages, and changed 54 packages in 12s

25 packages are looking for funding
  run `npm fund` for details
PS C:\Users\Jeffr\Downloads\NetDocuMap\NetDocuMap> node setup-electron.cjs
node:internal/modules/cjs/loader:1404
  throw err;
  ^

Error: Cannot find module 'C:\Users\Jeffr\Downloads\NetDocuMap\NetDocuMap\setup-electron.cjs'
    at Function._resolveFilename (node:internal/modules/cjs/loader:1401:15)
    at defaultResolveImpl (node:internal/modules/cjs/loader:1057:19)
    at resolveForCJSWithHooks (node:internal/modules/cjs/loader:1062:22)
    at Function._load (node:internal/modules/cjs/loader:1211:37)
    at TracingChannel.traceSync (node:diagnostics_channel:322:14)
    at wrapModuleLoad (node:internal/modules/cjs/loader:235:24)
    at Function.executeUserEntryPoint [as runMain] (node:internal/modules/run_main:171:5)
    at node:internal/main/run_main_module:36:49 {
  code: 'MODULE_NOT_FOUND',
  requireStack: []
}

Node.js v22.17.0
PS C:\Users\Jeffr\Downloads\NetDocuMap\NetDocuMap> node build-windows.js
node:internal/modules/cjs/loader:1404
  throw err;
  ^

Error: Cannot find module 'C:\Users\Jeffr\Downloads\NetDocuMap\NetDocuMap\build-windows.js'
    at Function._resolveFilename (node:internal/modules/cjs/loader:1401:15)
    at defaultResolveImpl (node:internal/modules/cjs/loader:1057:19)
    at resolveForCJSWithHooks (node:internal/modules/cjs/loader:1062:22)
    at Function._load (node:internal/modules/cjs/loader:1211:37)
    at TracingChannel.traceSync (node:diagnostics_channel:322:14)
    at wrapModuleLoad (node:internal/modules/cjs/loader:235:24)
    at Function.executeUserEntryPoint [as runMain] (node:internal/modules/run_main:171:5)
    at node:internal/main/run_main_module:36:49 {
  code: 'MODULE_NOT_FOUND',
  requireStack: []
}

Node.js v22.17.0
PS C:\Users\Jeffr\Downloads\NetDocuMap\NetDocuMap>
